// Jest Snapshot v1, https://goo.gl/fbAQLP

exports[`ArticleListItem tests renders correctly 1`] = `
<div>
  <div>
    <div
      class="article"
    >
      <div>
        <img
          alt="image"
          src="https://cdn.cnn.com/cnnnext/dam/assets/181122102925-statue-of-liberty-crown-super-169.jpg"
        />
        <h1>
          The Statue of Liberty's torch heads to new museum
        </h1>
      </div>
      
      <button
        class="button"
      >
        Show more
      </button>
    </div>
  </div>
</div>
`;
