// Jest Snapshot v1, https://goo.gl/fbAQLP

exports[`ArticleImage tests renders correctly 1`] = `
<div>
  <div>
    <img
      alt="image"
      src="https://cdn.cnn.com/cnnnext/dam/assets/181119170125-ploughgate-creamery-butter-ball-super-169.jpg"
    />
    <h1 />
  </div>
</div>
`;
